// Jest Snapshot v1, https://goo.gl/fbAQLP

exports[`ArticleItem component renders correctly 1`] = `
ShallowWrapper {
  "length": 1,
  Symbol(enzyme.__root__): [Circular],
  Symbol(enzyme.__unrendered__): <ArticleItem
    author="Item name"
    description="Item description"
    imageURL="https://website.news/static/whatever.jpg"
    sourceURL="https://website.news/"
    title="Item name"
  />,
  Symbol(enzyme.__renderer__): Object {
    "batchedUpdates": [Function],
    "getNode": [Function],
    "render": [Function],
    "simulateEvent": [Function],
    "unmount": [Function],
  },
  Symbol(enzyme.__node__): Object {
    "instance": null,
    "key": undefined,
    "nodeType": "class",
    "props": Object {
      "activeOpacity": 0.2,
      "children": Array [
        <Component
          style={
            Object {
              "marginRight": 10,
            }
          }
        >
          <Image
            resizeMethod="resize"
            source={
              Object {
                "uri": "https://website.news/static/whatever.jpg",
              }
            }
            style={
              Object {
                "height": 84,
                "width": 88,
              }
            }
          />
        </Component>,
        <Component
          style={
            Object {
              "flex": 1,
              "height": 84,
            }
          }
        >
          <Text
            accessible={true}
            allowFontScaling={true}
            ellipsizeMode="tail"
            numberOfLines={2}
            style={
              Object {
                "color": "#333333",
                "fontSize": 14,
                "fontWeight": "800",
                "marginBottom": 2,
              }
            }
          >
            Item name
          </Text>
          <Text
            accessible={true}
            allowFontScaling={true}
            ellipsizeMode="tail"
            style={
              Object {
                "color": "#999999",
                "fontSize": 10,
                "fontWeight": "300",
                "marginVertical": 2,
              }
            }
          >
            Item name
          </Text>
          <Text
            accessible={true}
            allowFontScaling={true}
            ellipsizeMode="tail"
            numberOfLines={2}
            style={
              Object {
                "color": "#333333",
                "fontSize": 12,
                "fontWeight": "300",
                "marginVertical": 2,
              }
            }
          >
            Item description
          </Text>
        </Component>,
      ],
      "onPress": undefined,
      "style": Object {
        "backgroundColor": "#FFFFFF",
        "flex": 1,
        "flexDirection": "row",
        "paddingHorizontal": 8,
        "paddingVertical": 8,
      },
    },
    "ref": null,
    "rendered": Array [
      Object {
        "instance": null,
        "key": undefined,
        "nodeType": "class",
        "props": Object {
          "children": <Image
            resizeMethod="resize"
            source={
              Object {
                "uri": "https://website.news/static/whatever.jpg",
              }
            }
            style={
              Object {
                "height": 84,
                "width": 88,
              }
            }
          />,
          "style": Object {
            "marginRight": 10,
          },
        },
        "ref": null,
        "rendered": Object {
          "instance": null,
          "key": undefined,
          "nodeType": "class",
          "props": Object {
            "resizeMethod": "resize",
            "source": Object {
              "uri": "https://website.news/static/whatever.jpg",
            },
            "style": Object {
              "height": 84,
              "width": 88,
            },
          },
          "ref": null,
          "rendered": null,
          "type": [Function],
        },
        "type": [Function],
      },
      Object {
        "instance": null,
        "key": undefined,
        "nodeType": "class",
        "props": Object {
          "children": Array [
            <Text
              accessible={true}
              allowFontScaling={true}
              ellipsizeMode="tail"
              numberOfLines={2}
              style={
                Object {
                  "color": "#333333",
                  "fontSize": 14,
                  "fontWeight": "800",
                  "marginBottom": 2,
                }
              }
            >
              Item name
            </Text>,
            <Text
              accessible={true}
              allowFontScaling={true}
              ellipsizeMode="tail"
              style={
                Object {
                  "color": "#999999",
                  "fontSize": 10,
                  "fontWeight": "300",
                  "marginVertical": 2,
                }
              }
            >
              Item name
            </Text>,
            <Text
              accessible={true}
              allowFontScaling={true}
              ellipsizeMode="tail"
              numberOfLines={2}
              style={
                Object {
                  "color": "#333333",
                  "fontSize": 12,
                  "fontWeight": "300",
                  "marginVertical": 2,
                }
              }
            >
              Item description
            </Text>,
          ],
          "style": Object {
            "flex": 1,
            "height": 84,
          },
        },
        "ref": null,
        "rendered": Array [
          Object {
            "instance": null,
            "key": undefined,
            "nodeType": "class",
            "props": Object {
              "accessible": true,
              "allowFontScaling": true,
              "children": "Item name",
              "ellipsizeMode": "tail",
              "numberOfLines": 2,
              "style": Object {
                "color": "#333333",
                "fontSize": 14,
                "fontWeight": "800",
                "marginBottom": 2,
              },
            },
            "ref": null,
            "rendered": "Item name",
            "type": [Function],
          },
          Object {
            "instance": null,
            "key": undefined,
            "nodeType": "class",
            "props": Object {
              "accessible": true,
              "allowFontScaling": true,
              "children": "Item name",
              "ellipsizeMode": "tail",
              "style": Object {
                "color": "#999999",
                "fontSize": 10,
                "fontWeight": "300",
                "marginVertical": 2,
              },
            },
            "ref": null,
            "rendered": "Item name",
            "type": [Function],
          },
          Object {
            "instance": null,
            "key": undefined,
            "nodeType": "class",
            "props": Object {
              "accessible": true,
              "allowFontScaling": true,
              "children": "Item description",
              "ellipsizeMode": "tail",
              "numberOfLines": 2,
              "style": Object {
                "color": "#333333",
                "fontSize": 12,
                "fontWeight": "300",
                "marginVertical": 2,
              },
            },
            "ref": null,
            "rendered": "Item description",
            "type": [Function],
          },
        ],
        "type": [Function],
      },
    ],
    "type": [Function],
  },
  Symbol(enzyme.__nodes__): Array [
    Object {
      "instance": null,
      "key": undefined,
      "nodeType": "class",
      "props": Object {
        "activeOpacity": 0.2,
        "children": Array [
          <Component
            style={
              Object {
                "marginRight": 10,
              }
            }
          >
            <Image
              resizeMethod="resize"
              source={
                Object {
                  "uri": "https://website.news/static/whatever.jpg",
                }
              }
              style={
                Object {
                  "height": 84,
                  "width": 88,
                }
              }
            />
          </Component>,
          <Component
            style={
              Object {
                "flex": 1,
                "height": 84,
              }
            }
          >
            <Text
              accessible={true}
              allowFontScaling={true}
              ellipsizeMode="tail"
              numberOfLines={2}
              style={
                Object {
                  "color": "#333333",
                  "fontSize": 14,
                  "fontWeight": "800",
                  "marginBottom": 2,
                }
              }
            >
              Item name
            </Text>
            <Text
              accessible={true}
              allowFontScaling={true}
              ellipsizeMode="tail"
              style={
                Object {
                  "color": "#999999",
                  "fontSize": 10,
                  "fontWeight": "300",
                  "marginVertical": 2,
                }
              }
            >
              Item name
            </Text>
            <Text
              accessible={true}
              allowFontScaling={true}
              ellipsizeMode="tail"
              numberOfLines={2}
              style={
                Object {
                  "color": "#333333",
                  "fontSize": 12,
                  "fontWeight": "300",
                  "marginVertical": 2,
                }
              }
            >
              Item description
            </Text>
          </Component>,
        ],
        "onPress": undefined,
        "style": Object {
          "backgroundColor": "#FFFFFF",
          "flex": 1,
          "flexDirection": "row",
          "paddingHorizontal": 8,
          "paddingVertical": 8,
        },
      },
      "ref": null,
      "rendered": Array [
        Object {
          "instance": null,
          "key": undefined,
          "nodeType": "class",
          "props": Object {
            "children": <Image
              resizeMethod="resize"
              source={
                Object {
                  "uri": "https://website.news/static/whatever.jpg",
                }
              }
              style={
                Object {
                  "height": 84,
                  "width": 88,
                }
              }
            />,
            "style": Object {
              "marginRight": 10,
            },
          },
          "ref": null,
          "rendered": Object {
            "instance": null,
            "key": undefined,
            "nodeType": "class",
            "props": Object {
              "resizeMethod": "resize",
              "source": Object {
                "uri": "https://website.news/static/whatever.jpg",
              },
              "style": Object {
                "height": 84,
                "width": 88,
              },
            },
            "ref": null,
            "rendered": null,
            "type": [Function],
          },
          "type": [Function],
        },
        Object {
          "instance": null,
          "key": undefined,
          "nodeType": "class",
          "props": Object {
            "children": Array [
              <Text
                accessible={true}
                allowFontScaling={true}
                ellipsizeMode="tail"
                numberOfLines={2}
                style={
                  Object {
                    "color": "#333333",
                    "fontSize": 14,
                    "fontWeight": "800",
                    "marginBottom": 2,
                  }
                }
              >
                Item name
              </Text>,
              <Text
                accessible={true}
                allowFontScaling={true}
                ellipsizeMode="tail"
                style={
                  Object {
                    "color": "#999999",
                    "fontSize": 10,
                    "fontWeight": "300",
                    "marginVertical": 2,
                  }
                }
              >
                Item name
              </Text>,
              <Text
                accessible={true}
                allowFontScaling={true}
                ellipsizeMode="tail"
                numberOfLines={2}
                style={
                  Object {
                    "color": "#333333",
                    "fontSize": 12,
                    "fontWeight": "300",
                    "marginVertical": 2,
                  }
                }
              >
                Item description
              </Text>,
            ],
            "style": Object {
              "flex": 1,
              "height": 84,
            },
          },
          "ref": null,
          "rendered": Array [
            Object {
              "instance": null,
              "key": undefined,
              "nodeType": "class",
              "props": Object {
                "accessible": true,
                "allowFontScaling": true,
                "children": "Item name",
                "ellipsizeMode": "tail",
                "numberOfLines": 2,
                "style": Object {
                  "color": "#333333",
                  "fontSize": 14,
                  "fontWeight": "800",
                  "marginBottom": 2,
                },
              },
              "ref": null,
              "rendered": "Item name",
              "type": [Function],
            },
            Object {
              "instance": null,
              "key": undefined,
              "nodeType": "class",
              "props": Object {
                "accessible": true,
                "allowFontScaling": true,
                "children": "Item name",
                "ellipsizeMode": "tail",
                "style": Object {
                  "color": "#999999",
                  "fontSize": 10,
                  "fontWeight": "300",
                  "marginVertical": 2,
                },
              },
              "ref": null,
              "rendered": "Item name",
              "type": [Function],
            },
            Object {
              "instance": null,
              "key": undefined,
              "nodeType": "class",
              "props": Object {
                "accessible": true,
                "allowFontScaling": true,
                "children": "Item description",
                "ellipsizeMode": "tail",
                "numberOfLines": 2,
                "style": Object {
                  "color": "#333333",
                  "fontSize": 12,
                  "fontWeight": "300",
                  "marginVertical": 2,
                },
              },
              "ref": null,
              "rendered": "Item description",
              "type": [Function],
            },
          ],
          "type": [Function],
        },
      ],
      "type": [Function],
    },
  ],
  Symbol(enzyme.__options__): Object {
    "adapter": ReactSixteenAdapter {
      "options": Object {
        "enableComponentDidUpdateOnSetState": true,
      },
    },
  },
}
`;
