// Jest Snapshot v1, https://goo.gl/fbAQLP

exports[`LoaderScreen component renders correctly 1`] = `
ShallowWrapper {
  "length": 1,
  Symbol(enzyme.__root__): [Circular],
  Symbol(enzyme.__unrendered__): <LoaderScreen
    message="The news sources are loading"
  />,
  Symbol(enzyme.__renderer__): Object {
    "batchedUpdates": [Function],
    "getNode": [Function],
    "render": [Function],
    "simulateEvent": [Function],
    "unmount": [Function],
  },
  Symbol(enzyme.__node__): Object {
    "instance": null,
    "key": undefined,
    "nodeType": "class",
    "props": Object {
      "children": Array [
        <ActivityIndicator
          animating={true}
          color="#999999"
          hidesWhenStopped={true}
          size="small"
        />,
        <Text
          accessible={true}
          allowFontScaling={true}
          ellipsizeMode="tail"
          style={
            Object {
              "color": "#999999",
              "fontSize": 12,
              "fontWeight": "300",
              "lineHeight": 22,
              "marginVertical": 8,
              "textAlign": "center",
            }
          }
        >
          The news sources are loading
        </Text>,
      ],
      "style": Object {
        "alignItems": "center",
        "backgroundColor": "#FFFFFF",
        "flex": 1,
        "paddingHorizontal": 16,
        "paddingVertical": 26,
      },
    },
    "ref": null,
    "rendered": Array [
      Object {
        "instance": null,
        "key": undefined,
        "nodeType": "class",
        "props": Object {
          "animating": true,
          "color": "#999999",
          "hidesWhenStopped": true,
          "size": "small",
        },
        "ref": null,
        "rendered": null,
        "type": [Function],
      },
      Object {
        "instance": null,
        "key": undefined,
        "nodeType": "class",
        "props": Object {
          "accessible": true,
          "allowFontScaling": true,
          "children": "The news sources are loading",
          "ellipsizeMode": "tail",
          "style": Object {
            "color": "#999999",
            "fontSize": 12,
            "fontWeight": "300",
            "lineHeight": 22,
            "marginVertical": 8,
            "textAlign": "center",
          },
        },
        "ref": null,
        "rendered": "The news sources are loading",
        "type": [Function],
      },
    ],
    "type": [Function],
  },
  Symbol(enzyme.__nodes__): Array [
    Object {
      "instance": null,
      "key": undefined,
      "nodeType": "class",
      "props": Object {
        "children": Array [
          <ActivityIndicator
            animating={true}
            color="#999999"
            hidesWhenStopped={true}
            size="small"
          />,
          <Text
            accessible={true}
            allowFontScaling={true}
            ellipsizeMode="tail"
            style={
              Object {
                "color": "#999999",
                "fontSize": 12,
                "fontWeight": "300",
                "lineHeight": 22,
                "marginVertical": 8,
                "textAlign": "center",
              }
            }
          >
            The news sources are loading
          </Text>,
        ],
        "style": Object {
          "alignItems": "center",
          "backgroundColor": "#FFFFFF",
          "flex": 1,
          "paddingHorizontal": 16,
          "paddingVertical": 26,
        },
      },
      "ref": null,
      "rendered": Array [
        Object {
          "instance": null,
          "key": undefined,
          "nodeType": "class",
          "props": Object {
            "animating": true,
            "color": "#999999",
            "hidesWhenStopped": true,
            "size": "small",
          },
          "ref": null,
          "rendered": null,
          "type": [Function],
        },
        Object {
          "instance": null,
          "key": undefined,
          "nodeType": "class",
          "props": Object {
            "accessible": true,
            "allowFontScaling": true,
            "children": "The news sources are loading",
            "ellipsizeMode": "tail",
            "style": Object {
              "color": "#999999",
              "fontSize": 12,
              "fontWeight": "300",
              "lineHeight": 22,
              "marginVertical": 8,
              "textAlign": "center",
            },
          },
          "ref": null,
          "rendered": "The news sources are loading",
          "type": [Function],
        },
      ],
      "type": [Function],
    },
  ],
  Symbol(enzyme.__options__): Object {
    "adapter": ReactSixteenAdapter {
      "options": Object {
        "enableComponentDidUpdateOnSetState": true,
      },
    },
  },
}
`;
